// Vitest Snapshot v1, https://vitest.dev/guide/snapshot.html

exports[`RevenueDetails Component > Component Structure > should match expected component structure 1`] = `
<page>
  <view
    class="revenue-details visible"
  >
    <view
      class="details-overlay"
    />
    <view
      class="details-panel"
    >
      <view
        class="details-header"
      >
        <text
          class="details-title"
        >
          收益分配详情
        </text>
        <view
          class="header-actions"
        >
          <view
            class="close-button"
          >
            <view
              class="close-icon"
              data-testid="icon-close"
            >
              close
            </view>
          </view>
        </view>
      </view>
      <scroll-view
        class="details-content"
        scroll-bar-enable="true"
        scroll-orientation="vertical"
      >
        <view
          class="basic-info"
        >
          <view
            class="info-item"
          >
            <text
              class="info-label"
            >
              总收益：
            </text>
            <text
              class="info-value total-amount"
            >
              <wrapper>
                CNY
              </wrapper>
               
              <wrapper>
                10,000.00
              </wrapper>
            </text>
          </view>
          <view
            class="info-item"
          >
            <text
              class="info-label"
            >
              计算时间：
            </text>
            <text
              class="info-value"
            >
              2024/01/15 18:30
            </text>
          </view>
          <view
            class="info-item calculation-basis"
          >
            <text
              class="info-label"
            >
              计算依据：
            </text>
            <text
              class="info-value basis-text"
            >
              基于观看时长和互动数据的智能分配算法
            </text>
          </view>
        </view>
        <view
          class="distribution-section"
        >
          <text
            class="section-title"
          >
            分配详情
          </text>
          <view
            class="distribution-list"
          >
            <view
              class="distribution-item"
            >
              <wrapper>
                <view
                  class="item-header"
                >
                  <view
                    class="party-info"
                  >
                    <view
                      class="category-indicator"
                      style="background-color: rgb(16, 185, 129);"
                    />
                    <text
                      class="party-name"
                    >
                      主播
                    </text>
                    <text
                      class="party-category"
                    >
                      (
                      <wrapper>
                        streamer
                      </wrapper>
                      )
                    </text>
                  </view>
                  <view
                    class="party-amount"
                  >
                    <text
                      class="percentage"
                    >
                      <wrapper>
                        60
                      </wrapper>
                      %
                    </text>
                    <text
                      class="amount"
                    >
                      <wrapper>
                        CNY
                      </wrapper>
                       
                      <wrapper>
                        6,000.00
                      </wrapper>
                    </text>
                  </view>
                </view>
                <text
                  class="distribution-reason"
                >
                  主要内容创作者，获得最大份额
                </text>
                <view
                  class="percentage-bar"
                >
                  <view
                    class="percentage-fill"
                    style="width: 60%; background-color: rgb(16, 185, 129);"
                  />
                </view>
              </wrapper>
            </view>
            <view
              class="distribution-item"
            >
              <wrapper>
                <view
                  class="item-header"
                >
                  <view
                    class="party-info"
                  >
                    <view
                      class="category-indicator"
                      style="background-color: rgb(59, 130, 246);"
                    />
                    <text
                      class="party-name"
                    >
                      平台
                    </text>
                    <text
                      class="party-category"
                    >
                      (
                      <wrapper>
                        platform
                      </wrapper>
                      )
                    </text>
                  </view>
                  <view
                    class="party-amount"
                  >
                    <text
                      class="percentage"
                    >
                      <wrapper>
                        25
                      </wrapper>
                      %
                    </text>
                    <text
                      class="amount"
                    >
                      <wrapper>
                        CNY
                      </wrapper>
                       
                      <wrapper>
                        2,500.00
                      </wrapper>
                    </text>
                  </view>
                </view>
                <text
                  class="distribution-reason"
                >
                  提供技术支持和流量推广
                </text>
                <view
                  class="percentage-bar"
                >
                  <view
                    class="percentage-fill"
                    style="width: 25%; background-color: rgb(59, 130, 246);"
                  />
                </view>
              </wrapper>
            </view>
            <view
              class="distribution-item"
            >
              <wrapper>
                <view
                  class="item-header"
                >
                  <view
                    class="party-info"
                  >
                    <view
                      class="category-indicator"
                      style="background-color: rgb(245, 158, 11);"
                    />
                    <text
                      class="party-name"
                    >
                      合作方
                    </text>
                    <text
                      class="party-category"
                    >
                      (
                      <wrapper>
                        partner
                      </wrapper>
                      )
                    </text>
                  </view>
                  <view
                    class="party-amount"
                  >
                    <text
                      class="percentage"
                    >
                      <wrapper>
                        15
                      </wrapper>
                      %
                    </text>
                    <text
                      class="amount"
                    >
                      <wrapper>
                        CNY
                      </wrapper>
                       
                      <wrapper>
                        1,500.00
                      </wrapper>
                    </text>
                  </view>
                </view>
                <text
                  class="distribution-reason"
                >
                  品牌合作和推广支持
                </text>
                <view
                  class="percentage-bar"
                >
                  <view
                    class="percentage-fill"
                    style="width: 15%; background-color: rgb(245, 158, 11);"
                  />
                </view>
              </wrapper>
            </view>
          </view>
        </view>
        <view
          class="distribution-summary"
        >
          <view
            class="summary-item"
          >
            <text
              class="summary-label"
            >
              总计比例：
            </text>
            <text
              class="summary-value"
            >
              <wrapper>
                100
              </wrapper>
              %
            </text>
          </view>
          <view
            class="summary-item"
          >
            <text
              class="summary-label"
            >
              总计金额：
            </text>
            <text
              class="summary-value"
            >
              CNY
               
              10,000.00
            </text>
          </view>
        </view>
      </scroll-view>
    </view>
  </view>
</page>
`;
